[D:/Visual Studio/My Sites/简洁大气Bootstrap响应式后台模板WhiteAdmin/www.js-css.cn/divcss/admin/WhiteAdmin/index.html]
[D:/Visual Studio/My Sites/简洁大气Bootstrap响应式后台模板WhiteAdmin/backblue.gif]
[D:/Visual Studio/My Sites/简洁大气Bootstrap响应式后台模板WhiteAdmin/fade.gif]
[D:/Visual Studio/My Sites/简洁大气Bootstrap响应式后台模板WhiteAdmin/index.html]
[D:/Visual Studio/My Sites/简洁大气Bootstrap响应式后台模板WhiteAdmin/www.js-css.cn/divcss/admin/WhiteAdmin/lib/jquery-1.7.2.min.js]
[D:/Visual Studio/My Sites/简洁大气Bootstrap响应式后台模板WhiteAdmin/www.js-css.cn/divcss/admin/assets/ico/apple-touch-icon-144-precomposed.5.delayed]
[D:/Visual Studio/My Sites/简洁大气Bootstrap响应式后台模板WhiteAdmin/www.js-css.cn/divcss/admin/assets/ico/apple-touch-icon-114-precomposed.6.delayed]
[D:/Visual Studio/My Sites/简洁大气Bootstrap响应式后台模板WhiteAdmin/www.js-css.cn/divcss/admin/assets/ico/apple-touch-icon-72-precomposed.7.delayed]
[D:/Visual Studio/My Sites/简洁大气Bootstrap响应式后台模板WhiteAdmin/www.js-css.cn/divcss/admin/assets/ico/apple-touch-icon-57-precomposed.8.delayed]
[D:/Visual Studio/My Sites/简洁大气Bootstrap响应式后台模板WhiteAdmin/www.js-css.cn/divcss/admin/WhiteAdmin/sign-in.html]
[D:/Visual Studio/My Sites/简洁大气Bootstrap响应式后台模板WhiteAdmin/www.js-css.cn/divcss/admin/WhiteAdmin/users.html]
[D:/Visual Studio/My Sites/简洁大气Bootstrap响应式后台模板WhiteAdmin/www.js-css.cn/divcss/admin/WhiteAdmin/user.html]
[D:/Visual Studio/My Sites/简洁大气Bootstrap响应式后台模板WhiteAdmin/www.js-css.cn/divcss/admin/WhiteAdmin/media.html]
[D:/Visual Studio/My Sites/简洁大气Bootstrap响应式后台模板WhiteAdmin/www.js-css.cn/divcss/admin/WhiteAdmin/calendar.html]
[D:/Visual Studio/My Sites/简洁大气Bootstrap响应式后台模板WhiteAdmin/www.js-css.cn/divcss/admin/WhiteAdmin/sign-up.html]
[D:/Visual Studio/My Sites/简洁大气Bootstrap响应式后台模板WhiteAdmin/www.js-css.cn/divcss/admin/WhiteAdmin/reset-password.html]
[D:/Visual Studio/My Sites/简洁大气Bootstrap响应式后台模板WhiteAdmin/www.js-css.cn/divcss/admin/WhiteAdmin/403.html]
[D:/Visual Studio/My Sites/简洁大气Bootstrap响应式后台模板WhiteAdmin/www.js-css.cn/divcss/admin/WhiteAdmin/404.html]
[D:/Visual Studio/My Sites/简洁大气Bootstrap响应式后台模板WhiteAdmin/www.js-css.cn/divcss/admin/WhiteAdmin/500.html]
[D:/Visual Studio/My Sites/简洁大气Bootstrap响应式后台模板WhiteAdmin/www.js-css.cn/divcss/admin/WhiteAdmin/503.html]
[D:/Visual Studio/My Sites/简洁大气Bootstrap响应式后台模板WhiteAdmin/www.js-css.cn/divcss/admin/WhiteAdmin/privacy-policy.html]
[D:/Visual Studio/My Sites/简洁大气Bootstrap响应式后台模板WhiteAdmin/www.js-css.cn/divcss/admin/WhiteAdmin/terms-and-conditions.html]
[D:/Visual Studio/My Sites/简洁大气Bootstrap响应式后台模板WhiteAdmin/www.js-css.cn/divcss/admin/WhiteAdmin/help.html]
[D:/Visual Studio/My Sites/简洁大气Bootstrap响应式后台模板WhiteAdmin/www.js-css.cn/divcss/admin/WhiteAdmin/faq.html]
[D:/Visual Studio/My Sites/简洁大气Bootstrap响应式后台模板WhiteAdmin/www.js-css.cn/divcss/admin/WhiteAdmin/lib/bootstrap/js/bootstrap.js]
[D:/Visual Studio/My Sites/简洁大气Bootstrap响应式后台模板WhiteAdmin/www.js-css.cn/divcss/admin/WhiteAdmin/index.html]
[D:/Visual Studio/My Sites/简洁大气Bootstrap响应式后台模板WhiteAdmin/www.js-css.cn/divcss/admin/WhiteAdmin/lib/bootstrap/css/bootstrap.css]
[D:/Visual Studio/My Sites/简洁大气Bootstrap响应式后台模板WhiteAdmin/subtlepatterns.com/patterns/furley_bg.19.delayed]
[D:/Visual Studio/My Sites/简洁大气Bootstrap响应式后台模板WhiteAdmin/www.js-css.cn/divcss/admin/WhiteAdmin/stylesheets/theme.css]
[D:/Visual Studio/My Sites/简洁大气Bootstrap响应式后台模板WhiteAdmin/www.js-css.cn/divcss/admin/WhiteAdmin/lib/font-awesome/font/fontawesome-webfont.eot]
[D:/Visual Studio/My Sites/简洁大气Bootstrap响应式后台模板WhiteAdmin/www.js-css.cn/divcss/admin/WhiteAdmin/lib/font-awesome/font/fontawesome-webfontd41d.eot]
[D:/Visual Studio/My Sites/简洁大气Bootstrap响应式后台模板WhiteAdmin/www.js-css.cn/divcss/admin/WhiteAdmin/lib/font-awesome/font/fontawesome-webfont.woff]
[D:/Visual Studio/My Sites/简洁大气Bootstrap响应式后台模板WhiteAdmin/www.js-css.cn/divcss/admin/WhiteAdmin/lib/font-awesome/font/fontawesome-webfont.ttf]
[D:/Visual Studio/My Sites/简洁大气Bootstrap响应式后台模板WhiteAdmin/www.js-css.cn/divcss/admin/WhiteAdmin/lib/font-awesome/css/font-awesome.css]
[D:/Visual Studio/My Sites/简洁大气Bootstrap响应式后台模板WhiteAdmin/www.js-css.cn/divcss/admin/assets/ico/apple-touch-icon-144-precomposed.html]
[D:/Visual Studio/My Sites/简洁大气Bootstrap响应式后台模板WhiteAdmin/www.js-css.cn/divcss/admin/assets/ico/apple-touch-icon-114-precomposed.html]
[D:/Visual Studio/My Sites/简洁大气Bootstrap响应式后台模板WhiteAdmin/www.js-css.cn/divcss/admin/assets/ico/apple-touch-icon-72-precomposed.html]
[D:/Visual Studio/My Sites/简洁大气Bootstrap响应式后台模板WhiteAdmin/www.js-css.cn/divcss/admin/assets/ico/apple-touch-icon-57-precomposed.html]
[D:/Visual Studio/My Sites/简洁大气Bootstrap响应式后台模板WhiteAdmin/www.js-css.cn/divcss/admin/WhiteAdmin/sign-in.html]
[D:/Visual Studio/My Sites/简洁大气Bootstrap响应式后台模板WhiteAdmin/www.js-css.cn/divcss/admin/WhiteAdmin/users.html]
[D:/Visual Studio/My Sites/简洁大气Bootstrap响应式后台模板WhiteAdmin/www.js-css.cn/divcss/admin/WhiteAdmin/user.html]
[D:/Visual Studio/My Sites/简洁大气Bootstrap响应式后台模板WhiteAdmin/www.js-css.cn/divcss/admin/WhiteAdmin/images/140x140.gif]
[D:/Visual Studio/My Sites/简洁大气Bootstrap响应式后台模板WhiteAdmin/www.js-css.cn/divcss/admin/WhiteAdmin/images/170x170.gif]
[D:/Visual Studio/My Sites/简洁大气Bootstrap响应式后台模板WhiteAdmin/www.js-css.cn/divcss/admin/WhiteAdmin/media.html]
[D:/Visual Studio/My Sites/简洁大气Bootstrap响应式后台模板WhiteAdmin/www.js-css.cn/divcss/admin/WhiteAdmin/lib/fullcalendar-1.5.3/fullcalendar/fullcalendar.min.js]
[D:/Visual Studio/My Sites/简洁大气Bootstrap响应式后台模板WhiteAdmin/www.js-css.cn/divcss/admin/WhiteAdmin/calendar.html]
[D:/Visual Studio/My Sites/简洁大气Bootstrap响应式后台模板WhiteAdmin/www.js-css.cn/divcss/admin/WhiteAdmin/sign-up.html]
[D:/Visual Studio/My Sites/简洁大气Bootstrap响应式后台模板WhiteAdmin/www.js-css.cn/divcss/admin/WhiteAdmin/reset-password.html]
[D:/Visual Studio/My Sites/简洁大气Bootstrap响应式后台模板WhiteAdmin/www.js-css.cn/divcss/admin/WhiteAdmin/403.html]
[D:/Visual Studio/My Sites/简洁大气Bootstrap响应式后台模板WhiteAdmin/www.js-css.cn/divcss/admin/WhiteAdmin/404.html]
[D:/Visual Studio/My Sites/简洁大气Bootstrap响应式后台模板WhiteAdmin/www.js-css.cn/divcss/admin/WhiteAdmin/500.html]
[D:/Visual Studio/My Sites/简洁大气Bootstrap响应式后台模板WhiteAdmin/www.js-css.cn/divcss/admin/WhiteAdmin/503.html]
[D:/Visual Studio/My Sites/简洁大气Bootstrap响应式后台模板WhiteAdmin/www.js-css.cn/divcss/admin/WhiteAdmin/privacy-policy.html]
[D:/Visual Studio/My Sites/简洁大气Bootstrap响应式后台模板WhiteAdmin/www.js-css.cn/divcss/admin/WhiteAdmin/terms-and-conditions.html]
[D:/Visual Studio/My Sites/简洁大气Bootstrap响应式后台模板WhiteAdmin/www.js-css.cn/divcss/admin/WhiteAdmin/help.html]
[D:/Visual Studio/My Sites/简洁大气Bootstrap响应式后台模板WhiteAdmin/www.js-css.cn/divcss/admin/WhiteAdmin/faq.html]
[D:/Visual Studio/My Sites/简洁大气Bootstrap响应式后台模板WhiteAdmin/api.cld.me/image/1m3A0r1Y0U00/download/transp_bg.html]
[D:/Visual Studio/My Sites/简洁大气Bootstrap响应式后台模板WhiteAdmin/www.js-css.cn/divcss/admin/WhiteAdmin/lib/font-awesome/font/fontawesome-webfont.svg]
[D:/Visual Studio/My Sites/简洁大气Bootstrap响应式后台模板WhiteAdmin/www.js-css.cn/divcss/admin/WhiteAdmin/lib/fullcalendar-1.5.3/fullcalendar/fullcalendar.css]
[D:/Visual Studio/My Sites/简洁大气Bootstrap响应式后台模板WhiteAdmin/www.js-css.cn/divcss/admin/WhiteAdmin/lib/fullcalendar-1.5.3/fullcalendar/fullcalendar.print.css]
