[D:/Visual Studio/My Sites/响应式Bootstrap3网站后台管理系统模板ACE/www.js-css.cn/divcss/admin/ace/index.html]
[D:/Visual Studio/My Sites/响应式Bootstrap3网站后台管理系统模板ACE/backblue.gif]
[D:/Visual Studio/My Sites/响应式Bootstrap3网站后台管理系统模板ACE/fade.gif]
[D:/Visual Studio/My Sites/响应式Bootstrap3网站后台管理系统模板ACE/index.html]
[D:/Visual Studio/My Sites/响应式Bootstrap3网站后台管理系统模板ACE/www.js-css.cn/divcss/admin/ace/assets/js/ace-extra.min.js]
[D:/Visual Studio/My Sites/响应式Bootstrap3网站后台管理系统模板ACE/www.js-css.cn/divcss/admin/ace/assets/avatars/avatar.png]
[D:/Visual Studio/My Sites/响应式Bootstrap3网站后台管理系统模板ACE/www.js-css.cn/divcss/admin/ace/assets/avatars/avatar3.png]
[D:/Visual Studio/My Sites/响应式Bootstrap3网站后台管理系统模板ACE/www.js-css.cn/divcss/admin/ace/assets/avatars/avatar4.png]
[D:/Visual Studio/My Sites/响应式Bootstrap3网站后台管理系统模板ACE/www.js-css.cn/divcss/admin/ace/inbox.html]
[D:/Visual Studio/My Sites/响应式Bootstrap3网站后台管理系统模板ACE/www.js-css.cn/divcss/admin/ace/assets/avatars/user.jpg]
[D:/Visual Studio/My Sites/响应式Bootstrap3网站后台管理系统模板ACE/www.js-css.cn/divcss/admin/ace/typography.html]
[D:/Visual Studio/My Sites/响应式Bootstrap3网站后台管理系统模板ACE/www.js-css.cn/divcss/admin/ace/elements.html]
[D:/Visual Studio/My Sites/响应式Bootstrap3网站后台管理系统模板ACE/www.js-css.cn/divcss/admin/ace/buttons.html]
[D:/Visual Studio/My Sites/响应式Bootstrap3网站后台管理系统模板ACE/www.js-css.cn/divcss/admin/ace/treeview.html]
[D:/Visual Studio/My Sites/响应式Bootstrap3网站后台管理系统模板ACE/www.js-css.cn/divcss/admin/ace/jquery-ui.html]
[D:/Visual Studio/My Sites/响应式Bootstrap3网站后台管理系统模板ACE/www.js-css.cn/divcss/admin/ace/nestable-list.html]
[D:/Visual Studio/My Sites/响应式Bootstrap3网站后台管理系统模板ACE/www.js-css.cn/divcss/admin/ace/tables.html]
[D:/Visual Studio/My Sites/响应式Bootstrap3网站后台管理系统模板ACE/www.js-css.cn/divcss/admin/ace/jqgrid.html]
[D:/Visual Studio/My Sites/响应式Bootstrap3网站后台管理系统模板ACE/www.js-css.cn/divcss/admin/ace/form-elements.html]
[D:/Visual Studio/My Sites/响应式Bootstrap3网站后台管理系统模板ACE/www.js-css.cn/divcss/admin/ace/form-wizard.html]
[D:/Visual Studio/My Sites/响应式Bootstrap3网站后台管理系统模板ACE/www.js-css.cn/divcss/admin/ace/wysiwyg.html]
[D:/Visual Studio/My Sites/响应式Bootstrap3网站后台管理系统模板ACE/www.js-css.cn/divcss/admin/ace/dropzone.html]
[D:/Visual Studio/My Sites/响应式Bootstrap3网站后台管理系统模板ACE/www.js-css.cn/divcss/admin/ace/widgets.html]
[D:/Visual Studio/My Sites/响应式Bootstrap3网站后台管理系统模板ACE/www.js-css.cn/divcss/admin/ace/calendar.html]
[D:/Visual Studio/My Sites/响应式Bootstrap3网站后台管理系统模板ACE/www.js-css.cn/divcss/admin/ace/gallery.html]
[D:/Visual Studio/My Sites/响应式Bootstrap3网站后台管理系统模板ACE/www.js-css.cn/divcss/admin/ace/profile.html]
[D:/Visual Studio/My Sites/响应式Bootstrap3网站后台管理系统模板ACE/www.js-css.cn/divcss/admin/ace/pricing.html]
[D:/Visual Studio/My Sites/响应式Bootstrap3网站后台管理系统模板ACE/www.js-css.cn/divcss/admin/ace/invoice.html]
[D:/Visual Studio/My Sites/响应式Bootstrap3网站后台管理系统模板ACE/www.js-css.cn/divcss/admin/ace/timeline.html]
[D:/Visual Studio/My Sites/响应式Bootstrap3网站后台管理系统模板ACE/www.js-css.cn/divcss/admin/ace/login.html]
[D:/Visual Studio/My Sites/响应式Bootstrap3网站后台管理系统模板ACE/www.js-css.cn/divcss/admin/ace/faq.html]
[D:/Visual Studio/My Sites/响应式Bootstrap3网站后台管理系统模板ACE/www.js-css.cn/divcss/admin/ace/error-404.html]
[D:/Visual Studio/My Sites/响应式Bootstrap3网站后台管理系统模板ACE/www.js-css.cn/divcss/admin/ace/error-500.html]
[D:/Visual Studio/My Sites/响应式Bootstrap3网站后台管理系统模板ACE/www.js-css.cn/divcss/admin/ace/grid.html]
[D:/Visual Studio/My Sites/响应式Bootstrap3网站后台管理系统模板ACE/www.js-css.cn/divcss/admin/ace/blank.html]
[D:/Visual Studio/My Sites/响应式Bootstrap3网站后台管理系统模板ACE/www.js-css.cn/divcss/admin/ace/assets/avatars/avatar2.png]
[D:/Visual Studio/My Sites/响应式Bootstrap3网站后台管理系统模板ACE/www.js-css.cn/divcss/admin/ace/assets/avatars/avatar5.png]
[D:/Visual Studio/My Sites/响应式Bootstrap3网站后台管理系统模板ACE/www.js-css.cn/divcss/admin/ace/assets/avatars/avatar1.png]
[D:/Visual Studio/My Sites/响应式Bootstrap3网站后台管理系统模板ACE/ajax.googleapis.com/ajax/libs/jquery/2.0.3/jquery.min.js]
[D:/Visual Studio/My Sites/响应式Bootstrap3网站后台管理系统模板ACE/www.js-css.cn/divcss/admin/ace/assets/js/jquery-2.0.3.min.js]
[D:/Visual Studio/My Sites/响应式Bootstrap3网站后台管理系统模板ACE/www.js-css.cn/divcss/admin/ace/assets/js/jquery.mobile.custom.min.js]
[D:/Visual Studio/My Sites/响应式Bootstrap3网站后台管理系统模板ACE/www.js-css.cn/divcss/admin/ace/assets/js/bootstrap.min.js]
[D:/Visual Studio/My Sites/响应式Bootstrap3网站后台管理系统模板ACE/www.js-css.cn/divcss/admin/ace/assets/js/typeahead-bs2.min.js]
[D:/Visual Studio/My Sites/响应式Bootstrap3网站后台管理系统模板ACE/www.js-css.cn/divcss/admin/ace/assets/js/jquery-ui-1.10.3.custom.min.js]
[D:/Visual Studio/My Sites/响应式Bootstrap3网站后台管理系统模板ACE/www.js-css.cn/divcss/admin/ace/assets/js/jquery.ui.touch-punch.min.js]
[D:/Visual Studio/My Sites/响应式Bootstrap3网站后台管理系统模板ACE/www.js-css.cn/divcss/admin/ace/assets/js/jquery.slimscroll.min.js]
[D:/Visual Studio/My Sites/响应式Bootstrap3网站后台管理系统模板ACE/www.js-css.cn/divcss/admin/ace/assets/js/jquery.easy-pie-chart.min.js]
[D:/Visual Studio/My Sites/响应式Bootstrap3网站后台管理系统模板ACE/www.js-css.cn/divcss/admin/ace/assets/js/jquery.sparkline.min.js]
[D:/Visual Studio/My Sites/响应式Bootstrap3网站后台管理系统模板ACE/www.js-css.cn/divcss/admin/ace/assets/js/flot/jquery.flot.min.js]
[D:/Visual Studio/My Sites/响应式Bootstrap3网站后台管理系统模板ACE/www.js-css.cn/divcss/admin/ace/assets/js/flot/jquery.flot.pie.min.js]
[D:/Visual Studio/My Sites/响应式Bootstrap3网站后台管理系统模板ACE/www.js-css.cn/divcss/admin/ace/assets/js/flot/jquery.flot.resize.min.js]
[D:/Visual Studio/My Sites/响应式Bootstrap3网站后台管理系统模板ACE/www.js-css.cn/divcss/admin/ace/assets/js/ace-elements.min.js]
[D:/Visual Studio/My Sites/响应式Bootstrap3网站后台管理系统模板ACE/www.js-css.cn/divcss/admin/ace/assets/js/ace.min.js]
[D:/Visual Studio/My Sites/响应式Bootstrap3网站后台管理系统模板ACE/www.js-css.cn/divcss/admin/ace/index.html]
[D:/Visual Studio/My Sites/响应式Bootstrap3网站后台管理系统模板ACE/www.js-css.cn/divcss/admin/ace/assets/fonts/glyphicons-halflings-regular.37.delayed]
[D:/Visual Studio/My Sites/响应式Bootstrap3网站后台管理系统模板ACE/www.js-css.cn/divcss/admin/ace/assets/fonts/glyphicons-halflings-regular.38d41d.delayed]
[D:/Visual Studio/My Sites/响应式Bootstrap3网站后台管理系统模板ACE/www.js-css.cn/divcss/admin/ace/assets/fonts/glyphicons-halflings-regular.39.delayed]
[D:/Visual Studio/My Sites/响应式Bootstrap3网站后台管理系统模板ACE/www.js-css.cn/divcss/admin/ace/assets/fonts/glyphicons-halflings-regular.3a.delayed]
[D:/Visual Studio/My Sites/响应式Bootstrap3网站后台管理系统模板ACE/www.js-css.cn/divcss/admin/ace/assets/fonts/glyphicons-halflings-regular.3b.delayed]
[D:/Visual Studio/My Sites/响应式Bootstrap3网站后台管理系统模板ACE/www.js-css.cn/divcss/admin/ace/assets/css/bootstrap.min.css]
[D:/Visual Studio/My Sites/响应式Bootstrap3网站后台管理系统模板ACE/www.js-css.cn/divcss/admin/ace/assets/font/fontawesome-webfont.3cf77b.delayed]
[D:/Visual Studio/My Sites/响应式Bootstrap3网站后台管理系统模板ACE/www.js-css.cn/divcss/admin/ace/assets/font/fontawesome-webfont.3dd41d.delayed]
[D:/Visual Studio/My Sites/响应式Bootstrap3网站后台管理系统模板ACE/www.js-css.cn/divcss/admin/ace/assets/font/fontawesome-webfontf77b.woff]
[D:/Visual Studio/My Sites/响应式Bootstrap3网站后台管理系统模板ACE/www.js-css.cn/divcss/admin/ace/assets/font/fontawesome-webfont.3ff77b.delayed]
[D:/Visual Studio/My Sites/响应式Bootstrap3网站后台管理系统模板ACE/www.js-css.cn/divcss/admin/ace/assets/font/fontawesome-webfont.40.delayed]
[D:/Visual Studio/My Sites/响应式Bootstrap3网站后台管理系统模板ACE/www.js-css.cn/divcss/admin/ace/assets/css/font-awesome.min.css]
[D:/Visual Studio/My Sites/响应式Bootstrap3网站后台管理系统模板ACE/www.js-css.cn/divcss/admin/ace/assets/css/ace.min.css]
[D:/Visual Studio/My Sites/响应式Bootstrap3网站后台管理系统模板ACE/www.js-css.cn/divcss/admin/ace/assets/css/ace-rtl.min.css]
[D:/Visual Studio/My Sites/响应式Bootstrap3网站后台管理系统模板ACE/www.js-css.cn/divcss/admin/ace/assets/css/ace-skins.min.css]
[D:/Visual Studio/My Sites/响应式Bootstrap3网站后台管理系统模板ACE/www.js-css.cn/divcss/admin/ace/assets/images/gallery/thumb-4.jpg]
[D:/Visual Studio/My Sites/响应式Bootstrap3网站后台管理系统模板ACE/www.js-css.cn/divcss/admin/ace/assets/images/gallery/thumb-3.jpg]
[D:/Visual Studio/My Sites/响应式Bootstrap3网站后台管理系统模板ACE/www.js-css.cn/divcss/admin/ace/assets/images/gallery/thumb-2.jpg]
[D:/Visual Studio/My Sites/响应式Bootstrap3网站后台管理系统模板ACE/www.js-css.cn/divcss/admin/ace/assets/images/gallery/thumb-1.jpg]
[D:/Visual Studio/My Sites/响应式Bootstrap3网站后台管理系统模板ACE/www.js-css.cn/divcss/admin/ace/assets/js/bootstrap-tag.min.js]
[D:/Visual Studio/My Sites/响应式Bootstrap3网站后台管理系统模板ACE/www.js-css.cn/divcss/admin/ace/assets/js/jquery.hotkeys.min.js]
[D:/Visual Studio/My Sites/响应式Bootstrap3网站后台管理系统模板ACE/www.js-css.cn/divcss/admin/ace/assets/js/bootstrap-wysiwyg.min.js]
[D:/Visual Studio/My Sites/响应式Bootstrap3网站后台管理系统模板ACE/www.js-css.cn/divcss/admin/ace/inbox.html]
[D:/Visual Studio/My Sites/响应式Bootstrap3网站后台管理系统模板ACE/www.js-css.cn/divcss/admin/ace/assets/css/prettify.48.delayed]
[D:/Visual Studio/My Sites/响应式Bootstrap3网站后台管理系统模板ACE/www.js-css.cn/divcss/admin/ace/assets/js/prettify.49.delayed]
[D:/Visual Studio/My Sites/响应式Bootstrap3网站后台管理系统模板ACE/www.js-css.cn/divcss/admin/ace/typography.html]
[D:/Visual Studio/My Sites/响应式Bootstrap3网站后台管理系统模板ACE/www.js-css.cn/divcss/admin/ace/assets/js/bootbox.min.js]
[D:/Visual Studio/My Sites/响应式Bootstrap3网站后台管理系统模板ACE/www.js-css.cn/divcss/admin/ace/assets/js/jquery.gritter.min.js]
[D:/Visual Studio/My Sites/响应式Bootstrap3网站后台管理系统模板ACE/www.js-css.cn/divcss/admin/ace/assets/js/spin.min.4e.delayed]
[D:/Visual Studio/My Sites/响应式Bootstrap3网站后台管理系统模板ACE/www.js-css.cn/divcss/admin/ace/elements.html]
[D:/Visual Studio/My Sites/响应式Bootstrap3网站后台管理系统模板ACE/www.js-css.cn/divcss/admin/ace/buttons.html]
[D:/Visual Studio/My Sites/响应式Bootstrap3网站后台管理系统模板ACE/www.js-css.cn/divcss/admin/ace/assets/js/fuelux/data/fuelux.tree-sampledata.js]
[D:/Visual Studio/My Sites/响应式Bootstrap3网站后台管理系统模板ACE/www.js-css.cn/divcss/admin/ace/assets/js/fuelux/fuelux.tree.min.js]
[D:/Visual Studio/My Sites/响应式Bootstrap3网站后台管理系统模板ACE/www.js-css.cn/divcss/admin/ace/treeview.html]
[D:/Visual Studio/My Sites/响应式Bootstrap3网站后台管理系统模板ACE/www.js-css.cn/divcss/admin/ace/jquery-ui.html]
[D:/Visual Studio/My Sites/响应式Bootstrap3网站后台管理系统模板ACE/www.js-css.cn/divcss/admin/ace/assets/js/jquery-ui-1.10.3.full.min.js]
[D:/Visual Studio/My Sites/响应式Bootstrap3网站后台管理系统模板ACE/www.js-css.cn/divcss/admin/ace/assets/js/jquery.nestable.min.js]
[D:/Visual Studio/My Sites/响应式Bootstrap3网站后台管理系统模板ACE/www.js-css.cn/divcss/admin/ace/nestable-list.html]
[D:/Visual Studio/My Sites/响应式Bootstrap3网站后台管理系统模板ACE/www.js-css.cn/divcss/admin/ace/assets/js/jquery.dataTables.min.js]
[D:/Visual Studio/My Sites/响应式Bootstrap3网站后台管理系统模板ACE/www.js-css.cn/divcss/admin/ace/assets/js/jquery.dataTables.bootstrap.js]
[D:/Visual Studio/My Sites/响应式Bootstrap3网站后台管理系统模板ACE/www.js-css.cn/divcss/admin/ace/tables.html]
[D:/Visual Studio/My Sites/响应式Bootstrap3网站后台管理系统模板ACE/www.js-css.cn/divcss/admin/ace/assets/js/date-time/bootstrap-datepicker.min.js]
[D:/Visual Studio/My Sites/响应式Bootstrap3网站后台管理系统模板ACE/www.js-css.cn/divcss/admin/ace/assets/js/jqGrid/jquery.jqGrid.min.js]
[D:/Visual Studio/My Sites/响应式Bootstrap3网站后台管理系统模板ACE/www.js-css.cn/divcss/admin/ace/assets/js/jqGrid/i18n/grid.locale-en.js]
[D:/Visual Studio/My Sites/响应式Bootstrap3网站后台管理系统模板ACE/www.js-css.cn/divcss/admin/ace/jqgrid.html]
[D:/Visual Studio/My Sites/响应式Bootstrap3网站后台管理系统模板ACE/www.js-css.cn/divcss/admin/ace/assets/js/chosen.jquery.min.js]
[D:/Visual Studio/My Sites/响应式Bootstrap3网站后台管理系统模板ACE/www.js-css.cn/divcss/admin/ace/assets/js/fuelux/fuelux.spinner.min.js]
[D:/Visual Studio/My Sites/响应式Bootstrap3网站后台管理系统模板ACE/www.js-css.cn/divcss/admin/ace/assets/js/date-time/bootstrap-timepicker.min.js]
[D:/Visual Studio/My Sites/响应式Bootstrap3网站后台管理系统模板ACE/www.js-css.cn/divcss/admin/ace/assets/js/date-time/moment.min.js]
[D:/Visual Studio/My Sites/响应式Bootstrap3网站后台管理系统模板ACE/www.js-css.cn/divcss/admin/ace/assets/js/date-time/daterangepicker.min.js]
[D:/Visual Studio/My Sites/响应式Bootstrap3网站后台管理系统模板ACE/www.js-css.cn/divcss/admin/ace/assets/js/bootstrap-colorpicker.min.js]
[D:/Visual Studio/My Sites/响应式Bootstrap3网站后台管理系统模板ACE/www.js-css.cn/divcss/admin/ace/assets/js/jquery.knob.min.js]
[D:/Visual Studio/My Sites/响应式Bootstrap3网站后台管理系统模板ACE/www.js-css.cn/divcss/admin/ace/assets/js/jquery.autosize.min.js]
[D:/Visual Studio/My Sites/响应式Bootstrap3网站后台管理系统模板ACE/www.js-css.cn/divcss/admin/ace/assets/js/jquery.inputlimiter.1.3.1.min.js]
[D:/Visual Studio/My Sites/响应式Bootstrap3网站后台管理系统模板ACE/www.js-css.cn/divcss/admin/ace/assets/js/jquery.maskedinput.min.js]
[D:/Visual Studio/My Sites/响应式Bootstrap3网站后台管理系统模板ACE/www.js-css.cn/divcss/admin/ace/form-elements.html]
[D:/Visual Studio/My Sites/响应式Bootstrap3网站后台管理系统模板ACE/www.js-css.cn/divcss/admin/ace/assets/js/fuelux/fuelux.wizard.min.js]
[D:/Visual Studio/My Sites/响应式Bootstrap3网站后台管理系统模板ACE/www.js-css.cn/divcss/admin/ace/assets/js/jquery.validate.min.js]
[D:/Visual Studio/My Sites/响应式Bootstrap3网站后台管理系统模板ACE/www.js-css.cn/divcss/admin/ace/assets/js/additional-methods.min.js]
[D:/Visual Studio/My Sites/响应式Bootstrap3网站后台管理系统模板ACE/www.js-css.cn/divcss/admin/ace/assets/js/select2.min.js]
[D:/Visual Studio/My Sites/响应式Bootstrap3网站后台管理系统模板ACE/www.js-css.cn/divcss/admin/ace/form-wizard.html]
[D:/Visual Studio/My Sites/响应式Bootstrap3网站后台管理系统模板ACE/www.js-css.cn/divcss/admin/ace/assets/js/markdown/markdown.min.js]
[D:/Visual Studio/My Sites/响应式Bootstrap3网站后台管理系统模板ACE/www.js-css.cn/divcss/admin/ace/assets/js/markdown/bootstrap-markdown.min.js]
[D:/Visual Studio/My Sites/响应式Bootstrap3网站后台管理系统模板ACE/www.js-css.cn/divcss/admin/ace/wysiwyg.html]
[D:/Visual Studio/My Sites/响应式Bootstrap3网站后台管理系统模板ACE/www.js-css.cn/divcss/admin/ace/assets/js/dropzone.min.js]
[D:/Visual Studio/My Sites/响应式Bootstrap3网站后台管理系统模板ACE/www.js-css.cn/divcss/admin/ace/dropzone.html]
[D:/Visual Studio/My Sites/响应式Bootstrap3网站后台管理系统模板ACE/www.js-css.cn/divcss/admin/ace/widgets.html]
[D:/Visual Studio/My Sites/响应式Bootstrap3网站后台管理系统模板ACE/www.js-css.cn/divcss/admin/ace/assets/js/fullcalendar.min.js]
[D:/Visual Studio/My Sites/响应式Bootstrap3网站后台管理系统模板ACE/www.js-css.cn/divcss/admin/ace/calendar.html]
[D:/Visual Studio/My Sites/响应式Bootstrap3网站后台管理系统模板ACE/www.js-css.cn/divcss/admin/ace/assets/images/gallery/image-1.jpg]
[D:/Visual Studio/My Sites/响应式Bootstrap3网站后台管理系统模板ACE/www.js-css.cn/divcss/admin/ace/assets/images/gallery/image-2.jpg]
[D:/Visual Studio/My Sites/响应式Bootstrap3网站后台管理系统模板ACE/www.js-css.cn/divcss/admin/ace/assets/images/gallery/image-3.jpg]
[D:/Visual Studio/My Sites/响应式Bootstrap3网站后台管理系统模板ACE/www.js-css.cn/divcss/admin/ace/assets/images/gallery/image-4.jpg]
[D:/Visual Studio/My Sites/响应式Bootstrap3网站后台管理系统模板ACE/www.js-css.cn/divcss/admin/ace/assets/images/gallery/thumb-5.jpg]
[D:/Visual Studio/My Sites/响应式Bootstrap3网站后台管理系统模板ACE/www.js-css.cn/divcss/admin/ace/assets/images/gallery/image-5.jpg]
[D:/Visual Studio/My Sites/响应式Bootstrap3网站后台管理系统模板ACE/www.js-css.cn/divcss/admin/ace/assets/images/gallery/image-6.jpg]
[D:/Visual Studio/My Sites/响应式Bootstrap3网站后台管理系统模板ACE/www.js-css.cn/divcss/admin/ace/assets/images/gallery/thumb-6.jpg]
[D:/Visual Studio/My Sites/响应式Bootstrap3网站后台管理系统模板ACE/www.js-css.cn/divcss/admin/ace/assets/js/jquery.colorbox-min.js]
[D:/Visual Studio/My Sites/响应式Bootstrap3网站后台管理系统模板ACE/www.js-css.cn/divcss/admin/ace/gallery.html]
[D:/Visual Studio/My Sites/响应式Bootstrap3网站后台管理系统模板ACE/www.js-css.cn/divcss/admin/ace/assets/avatars/profile-pic.jpg]
[D:/Visual Studio/My Sites/响应式Bootstrap3网站后台管理系统模板ACE/www.js-css.cn/divcss/admin/ace/assets/js/x-editable/bootstrap-editable.min.js]
[D:/Visual Studio/My Sites/响应式Bootstrap3网站后台管理系统模板ACE/www.js-css.cn/divcss/admin/ace/assets/js/x-editable/ace-editable.min.js]
[D:/Visual Studio/My Sites/响应式Bootstrap3网站后台管理系统模板ACE/www.js-css.cn/divcss/admin/ace/profile.html]
[D:/Visual Studio/My Sites/响应式Bootstrap3网站后台管理系统模板ACE/www.js-css.cn/divcss/admin/ace/pricing.html]
[D:/Visual Studio/My Sites/响应式Bootstrap3网站后台管理系统模板ACE/www.js-css.cn/divcss/admin/ace/invoice.html]
[D:/Visual Studio/My Sites/响应式Bootstrap3网站后台管理系统模板ACE/www.js-css.cn/divcss/admin/ace/timeline.html]
[D:/Visual Studio/My Sites/响应式Bootstrap3网站后台管理系统模板ACE/www.js-css.cn/divcss/admin/ace/login.html]
[D:/Visual Studio/My Sites/响应式Bootstrap3网站后台管理系统模板ACE/www.js-css.cn/divcss/admin/ace/faq.html]
[D:/Visual Studio/My Sites/响应式Bootstrap3网站后台管理系统模板ACE/www.js-css.cn/divcss/admin/ace/error-404.html]
[D:/Visual Studio/My Sites/响应式Bootstrap3网站后台管理系统模板ACE/www.js-css.cn/divcss/admin/ace/error-500.html]
[D:/Visual Studio/My Sites/响应式Bootstrap3网站后台管理系统模板ACE/www.js-css.cn/divcss/admin/ace/grid.html]
[D:/Visual Studio/My Sites/响应式Bootstrap3网站后台管理系统模板ACE/www.js-css.cn/divcss/admin/ace/blank.html]
[D:/Visual Studio/My Sites/响应式Bootstrap3网站后台管理系统模板ACE/www.js-css.cn/divcss/admin/ace/assets/fonts/glyphicons-halflings-regular.html]
[D:/Visual Studio/My Sites/响应式Bootstrap3网站后台管理系统模板ACE/www.js-css.cn/divcss/admin/ace/assets/fonts/glyphicons-halflings-regulard41d.html]
[D:/Visual Studio/My Sites/响应式Bootstrap3网站后台管理系统模板ACE/www.js-css.cn/divcss/admin/ace/assets/fonts/glyphicons-halflings-regular-2.html]
[D:/Visual Studio/My Sites/响应式Bootstrap3网站后台管理系统模板ACE/www.js-css.cn/divcss/admin/ace/assets/fonts/glyphicons-halflings-regular-3.html]
[D:/Visual Studio/My Sites/响应式Bootstrap3网站后台管理系统模板ACE/www.js-css.cn/divcss/admin/ace/assets/fonts/glyphicons-halflings-regular-4.html]
[D:/Visual Studio/My Sites/响应式Bootstrap3网站后台管理系统模板ACE/www.js-css.cn/divcss/admin/ace/assets/font/fontawesome-webfontf77b.html]
[D:/Visual Studio/My Sites/响应式Bootstrap3网站后台管理系统模板ACE/www.js-css.cn/divcss/admin/ace/assets/font/fontawesome-webfontd41d.html]
[D:/Visual Studio/My Sites/响应式Bootstrap3网站后台管理系统模板ACE/www.js-css.cn/divcss/admin/ace/assets/font/fontawesome-webfontf77b-2.html]
[D:/Visual Studio/My Sites/响应式Bootstrap3网站后台管理系统模板ACE/www.js-css.cn/divcss/admin/ace/assets/font/fontawesome-webfont.html]
[D:/Visual Studio/My Sites/响应式Bootstrap3网站后台管理系统模板ACE/www.js-css.cn/divcss/admin/ace/assets/css/prettify.html]
[D:/Visual Studio/My Sites/响应式Bootstrap3网站后台管理系统模板ACE/www.js-css.cn/divcss/admin/ace/assets/js/prettify.html]
[D:/Visual Studio/My Sites/响应式Bootstrap3网站后台管理系统模板ACE/www.js-css.cn/divcss/admin/ace/assets/css/jquery-ui-1.10.3.custom.min.css]
[D:/Visual Studio/My Sites/响应式Bootstrap3网站后台管理系统模板ACE/www.js-css.cn/divcss/admin/ace/assets/images/ie-spacer.82.delayed]
[D:/Visual Studio/My Sites/响应式Bootstrap3网站后台管理系统模板ACE/www.js-css.cn/divcss/admin/ace/assets/images/gritter.83.delayed]
[D:/Visual Studio/My Sites/响应式Bootstrap3网站后台管理系统模板ACE/www.js-css.cn/divcss/admin/ace/assets/images/gritter-light.84.delayed]
[D:/Visual Studio/My Sites/响应式Bootstrap3网站后台管理系统模板ACE/www.js-css.cn/divcss/admin/ace/assets/css/jquery.gritter.css]
[D:/Visual Studio/My Sites/响应式Bootstrap3网站后台管理系统模板ACE/www.js-css.cn/divcss/admin/ace/assets/js/spin.min.html]
[D:/Visual Studio/My Sites/响应式Bootstrap3网站后台管理系统模板ACE/www.js-css.cn/divcss/admin/ace/assets/css/jquery-ui-1.10.3.full.min.css]
[D:/Visual Studio/My Sites/响应式Bootstrap3网站后台管理系统模板ACE/www.js-css.cn/divcss/admin/ace/assets/css/datepicker.css]
[D:/Visual Studio/My Sites/响应式Bootstrap3网站后台管理系统模板ACE/www.js-css.cn/divcss/admin/ace/assets/css/ui.jqgrid.css]
[D:/Visual Studio/My Sites/响应式Bootstrap3网站后台管理系统模板ACE/www.js-css.cn/divcss/admin/ace/assets/css/chosen-sprite.85.delayed]
[D:/Visual Studio/My Sites/响应式Bootstrap3网站后台管理系统模板ACE/www.js-css.cn/divcss/admin/ace/assets/css/chosen-sprite@2x.86.delayed]
[D:/Visual Studio/My Sites/响应式Bootstrap3网站后台管理系统模板ACE/www.js-css.cn/divcss/admin/ace/assets/css/chosen.css]
[D:/Visual Studio/My Sites/响应式Bootstrap3网站后台管理系统模板ACE/www.js-css.cn/divcss/admin/ace/assets/css/bootstrap-timepicker.css]
[D:/Visual Studio/My Sites/响应式Bootstrap3网站后台管理系统模板ACE/www.js-css.cn/divcss/admin/ace/assets/css/daterangepicker.css]
[D:/Visual Studio/My Sites/响应式Bootstrap3网站后台管理系统模板ACE/www.js-css.cn/divcss/admin/ace/assets/css/img/saturation.87.delayed]
[D:/Visual Studio/My Sites/响应式Bootstrap3网站后台管理系统模板ACE/www.js-css.cn/divcss/admin/ace/assets/css/img/hue.88.delayed]
[D:/Visual Studio/My Sites/响应式Bootstrap3网站后台管理系统模板ACE/www.js-css.cn/divcss/admin/ace/assets/css/img/alpha.89.delayed]
[D:/Visual Studio/My Sites/响应式Bootstrap3网站后台管理系统模板ACE/www.js-css.cn/divcss/admin/ace/assets/css/colorpicker.css]
[D:/Visual Studio/My Sites/响应式Bootstrap3网站后台管理系统模板ACE/www.js-css.cn/divcss/admin/ace/assets/css/select2.8a.delayed]
[D:/Visual Studio/My Sites/响应式Bootstrap3网站后台管理系统模板ACE/www.js-css.cn/divcss/admin/ace/assets/css/select2-spinner.8b.delayed]
[D:/Visual Studio/My Sites/响应式Bootstrap3网站后台管理系统模板ACE/www.js-css.cn/divcss/admin/ace/assets/css/select2x2.8c.delayed]
[D:/Visual Studio/My Sites/响应式Bootstrap3网站后台管理系统模板ACE/www.js-css.cn/divcss/admin/ace/assets/css/select2.css]
[D:/Visual Studio/My Sites/响应式Bootstrap3网站后台管理系统模板ACE/www.js-css.cn/divcss/admin/ace/assets/images/spritemap.8d.delayed]
[D:/Visual Studio/My Sites/响应式Bootstrap3网站后台管理系统模板ACE/www.js-css.cn/divcss/admin/ace/assets/images/spritemap@2x.8e.delayed]
[D:/Visual Studio/My Sites/响应式Bootstrap3网站后台管理系统模板ACE/www.js-css.cn/divcss/admin/ace/assets/css/dropzone.css]
[D:/Visual Studio/My Sites/响应式Bootstrap3网站后台管理系统模板ACE/www.js-css.cn/divcss/admin/ace/assets/css/fullcalendar.css]
[D:/Visual Studio/My Sites/响应式Bootstrap3网站后台管理系统模板ACE/www.js-css.cn/divcss/admin/ace/assets/css/images/overlay.8f.delayed]
[D:/Visual Studio/My Sites/响应式Bootstrap3网站后台管理系统模板ACE/www.js-css.cn/divcss/admin/ace/assets/css/images/controls.90.delayed]
[D:/Visual Studio/My Sites/响应式Bootstrap3网站后台管理系统模板ACE/www.js-css.cn/divcss/admin/ace/assets/css/images/border.91.delayed]
[D:/Visual Studio/My Sites/响应式Bootstrap3网站后台管理系统模板ACE/www.js-css.cn/divcss/admin/ace/assets/css/images/loading_background.92.delayed]
[D:/Visual Studio/My Sites/响应式Bootstrap3网站后台管理系统模板ACE/www.js-css.cn/divcss/admin/ace/assets/css/images/loading.gif]
[D:/Visual Studio/My Sites/响应式Bootstrap3网站后台管理系统模板ACE/www.js-css.cn/divcss/admin/ace/assets/css/colorbox.css]
[D:/Visual Studio/My Sites/响应式Bootstrap3网站后台管理系统模板ACE/www.js-css.cn/divcss/admin/ace/assets/img/loading.94.delayed]
[D:/Visual Studio/My Sites/响应式Bootstrap3网站后台管理系统模板ACE/www.js-css.cn/divcss/admin/ace/assets/img/clear.95.delayed]
[D:/Visual Studio/My Sites/响应式Bootstrap3网站后台管理系统模板ACE/www.js-css.cn/divcss/admin/ace/assets/css/bootstrap-editable.css]
[D:/Visual Studio/My Sites/响应式Bootstrap3网站后台管理系统模板ACE/www.js-css.cn/divcss/admin/ace/assets/images/ie-spacer.html]
[D:/Visual Studio/My Sites/响应式Bootstrap3网站后台管理系统模板ACE/www.js-css.cn/divcss/admin/ace/assets/images/gritter.html]
[D:/Visual Studio/My Sites/响应式Bootstrap3网站后台管理系统模板ACE/www.js-css.cn/divcss/admin/ace/assets/images/gritter-light.html]
[D:/Visual Studio/My Sites/响应式Bootstrap3网站后台管理系统模板ACE/www.js-css.cn/divcss/admin/ace/assets/css/chosen-sprite.html]
[D:/Visual Studio/My Sites/响应式Bootstrap3网站后台管理系统模板ACE/www.js-css.cn/divcss/admin/ace/assets/css/chosen-sprite@2x.html]
[D:/Visual Studio/My Sites/响应式Bootstrap3网站后台管理系统模板ACE/www.js-css.cn/divcss/admin/ace/assets/css/img/saturation.html]
[D:/Visual Studio/My Sites/响应式Bootstrap3网站后台管理系统模板ACE/www.js-css.cn/divcss/admin/ace/assets/css/img/hue.html]
[D:/Visual Studio/My Sites/响应式Bootstrap3网站后台管理系统模板ACE/www.js-css.cn/divcss/admin/ace/assets/css/img/alpha.html]
[D:/Visual Studio/My Sites/响应式Bootstrap3网站后台管理系统模板ACE/www.js-css.cn/divcss/admin/ace/assets/css/select2.html]
[D:/Visual Studio/My Sites/响应式Bootstrap3网站后台管理系统模板ACE/www.js-css.cn/divcss/admin/ace/assets/css/select2-spinner.html]
[D:/Visual Studio/My Sites/响应式Bootstrap3网站后台管理系统模板ACE/www.js-css.cn/divcss/admin/ace/assets/css/select2x2.html]
[D:/Visual Studio/My Sites/响应式Bootstrap3网站后台管理系统模板ACE/www.js-css.cn/divcss/admin/ace/assets/images/spritemap.html]
[D:/Visual Studio/My Sites/响应式Bootstrap3网站后台管理系统模板ACE/www.js-css.cn/divcss/admin/ace/assets/images/spritemap@2x.html]
[D:/Visual Studio/My Sites/响应式Bootstrap3网站后台管理系统模板ACE/www.js-css.cn/divcss/admin/ace/assets/css/images/overlay.html]
[D:/Visual Studio/My Sites/响应式Bootstrap3网站后台管理系统模板ACE/www.js-css.cn/divcss/admin/ace/assets/css/images/controls.html]
[D:/Visual Studio/My Sites/响应式Bootstrap3网站后台管理系统模板ACE/www.js-css.cn/divcss/admin/ace/assets/css/images/border.html]
[D:/Visual Studio/My Sites/响应式Bootstrap3网站后台管理系统模板ACE/www.js-css.cn/divcss/admin/ace/assets/css/images/loading_background.html]
[D:/Visual Studio/My Sites/响应式Bootstrap3网站后台管理系统模板ACE/www.js-css.cn/divcss/admin/ace/assets/img/loading.html]
[D:/Visual Studio/My Sites/响应式Bootstrap3网站后台管理系统模板ACE/www.js-css.cn/divcss/admin/ace/assets/img/clear.html]
